// Jest Snapshot v1, https://goo.gl/fbAQLP

exports[`Login matches snapshot 1`] = `
<div>
  <div
    class="MuiBox-root css-16d3e73"
  >
    <div
      class="MuiBox-root css-70qvj9"
    >
      <div
        height="80"
        width="80"
      />
    </div>
    <div
      class="MuiBox-root css-emn1zt"
    >
      <h3
        class="MuiTypography-root MuiTypography-h3 css-2w99rx-MuiTypography-root"
      >
        Log in to Team Teach
      </h3>
      <form
        autocomplete="off"
        class="MuiBox-root css-h5fkc8"
        data-testid="LoginForm"
        novalidate=""
      >
        <section
          class="MuiBox-root css-0"
        >
          <div
            class="MuiBox-root css-1yjvs5a"
          >
            <div
              class="MuiFormControl-root MuiFormControl-fullWidth MuiTextField-root css-wb57ya-MuiFormControl-root-MuiTextField-root"
              title="Email Address"
            >
              <label
                class="MuiInputLabel-root MuiInputLabel-formControl MuiInputLabel-animated MuiInputLabel-shrink MuiInputLabel-standard MuiFormLabel-root MuiFormLabel-colorPrimary Mui-focused css-rl2i38-MuiFormLabel-root-MuiInputLabel-root"
                data-shrink="true"
                for="email"
                id="email-label"
              >
                Email Address
              </label>
              <div
                class="MuiInput-root MuiInput-underline MuiInputBase-root MuiInputBase-colorPrimary MuiInputBase-fullWidth Mui-focused MuiInputBase-formControl css-1nkheju-MuiInputBase-root-MuiInput-root"
              >
                <input
                  aria-invalid="false"
                  class="MuiInput-input MuiInputBase-input css-1x51dt5-MuiInputBase-input-MuiInput-input"
                  data-testid="input-email"
                  id="email"
                  name="email"
                  placeholder="Please enter your email address"
                  type="text"
                  value=""
                />
              </div>
            </div>
          </div>
          <div
            class="MuiBox-root css-1yjvs5a"
          >
            <div
              class="MuiFormControl-root MuiFormControl-fullWidth MuiTextField-root css-wb57ya-MuiFormControl-root-MuiTextField-root"
              title="Password"
            >
              <label
                class="MuiInputLabel-root MuiInputLabel-formControl MuiInputLabel-animated MuiInputLabel-standard MuiFormLabel-root MuiFormLabel-colorPrimary css-1n83x2o-MuiFormLabel-root-MuiInputLabel-root"
                data-shrink="false"
                for="password"
                id="password-label"
              >
                Password
              </label>
              <div
                class="MuiInput-root MuiInput-underline MuiInputBase-root MuiInputBase-colorPrimary MuiInputBase-fullWidth MuiInputBase-formControl css-1nkheju-MuiInputBase-root-MuiInput-root"
              >
                <input
                  aria-invalid="false"
                  class="MuiInput-input MuiInputBase-input css-1x51dt5-MuiInputBase-input-MuiInput-input"
                  data-testid="input-password"
                  id="password"
                  name="password"
                  placeholder="Please enter your password"
                  type="password"
                  value=""
                />
              </div>
            </div>
          </div>
        </section>
        <div
          class="MuiBox-root css-dvxtzn"
        >
          <button
            class="MuiLoadingButton-root MuiButton-root MuiButton-contained MuiButton-containedPrimary MuiButton-sizeLarge MuiButton-containedSizeLarge MuiButtonBase-root css-14srt4-MuiButtonBase-root-MuiButton-root-MuiLoadingButton-root"
            data-testid="login-submit"
            id="mui-1"
            tabindex="0"
            type="submit"
          >
            Login
            <span
              class="MuiTouchRipple-root css-8je8zh-MuiTouchRipple-root"
            />
          </button>
          <a
            class="MuiTypography-root MuiTypography-inherit MuiLink-root MuiLink-underlineHover css-1qgrw7x-MuiTypography-root-MuiLink-root"
            data-testid="sign-up-link"
            href="/registration"
          >
            or Sign up for an account
          </a>
        </div>
      </form>
      <div
        class="MuiBox-root css-15ne9z9"
      >
        <a
          class="MuiTypography-root MuiTypography-inherit MuiLink-root MuiLink-underlineHover css-ihnw6p-MuiTypography-root-MuiLink-root"
          data-testid="forgot-password-link"
          href="/forgot-password"
        >
          Forgot password
        </a>
      </div>
    </div>
  </div>
</div>
`;
