// Jest Snapshot v1, https://goo.gl/fbAQLP

exports[`OrgUsersTable matches snapshot 1`] = `
Object {
  "asFragment": [Function],
  "baseElement": <body>
    <div>
      <div
        class="MuiPaper-root MuiPaper-elevation MuiPaper-rounded MuiPaper-elevation0 MuiTableContainer-root css-zbd12r-MuiPaper-root-MuiTableContainer-root"
      >
        <table
          class="MuiTable-root css-16un4wc-MuiTable-root"
        >
          <thead
            class="MuiTableHead-root css-kv444d-MuiTableHead-root"
          >
            <tr
              class="MuiTableRow-root MuiTableRow-head css-555rmi-MuiTableRow-root"
            >
              <th
                aria-sort="ascending"
                class="MuiTableCell-root MuiTableCell-head MuiTableCell-alignLeft MuiTableCell-sizeMedium css-s9dfu1-MuiTableCell-root"
                scope="col"
              >
                <span
                  class="MuiButtonBase-root MuiTableSortLabel-root Mui-active css-tf2fk6-MuiButtonBase-root-MuiTableSortLabel-root"
                  role="button"
                  tabindex="0"
                >
                  Name
                  <span
                    class="MuiBox-root css-trfuzi"
                  >
                    sorted ascending
                  </span>
                  <svg
                    aria-hidden="true"
                    class="MuiSvgIcon-root MuiSvgIcon-fontSizeMedium MuiTableSortLabel-icon MuiTableSortLabel-iconDirectionAsc css-1vweko9-MuiSvgIcon-root-MuiTableSortLabel-icon"
                    data-testid="ArrowDownwardIcon"
                    focusable="false"
                    viewBox="0 0 24 24"
                  >
                    <path
                      d="M20 12l-1.41-1.41L13 16.17V4h-2v12.17l-5.58-5.59L4 12l8 8 8-8z"
                    />
                  </svg>
                </span>
              </th>
              <th
                class="MuiTableCell-root MuiTableCell-head MuiTableCell-alignLeft MuiTableCell-sizeMedium css-s9dfu1-MuiTableCell-root"
                scope="col"
              >
                Certification
              </th>
              <th
                class="MuiTableCell-root MuiTableCell-head MuiTableCell-alignLeft MuiTableCell-sizeMedium css-s9dfu1-MuiTableCell-root"
                scope="col"
              >
                <span
                  class="MuiButtonBase-root MuiTableSortLabel-root css-tf2fk6-MuiButtonBase-root-MuiTableSortLabel-root"
                  role="button"
                  tabindex="0"
                >
                  Last activity
                  <svg
                    aria-hidden="true"
                    class="MuiSvgIcon-root MuiSvgIcon-fontSizeMedium MuiTableSortLabel-icon MuiTableSortLabel-iconDirectionAsc css-1vweko9-MuiSvgIcon-root-MuiTableSortLabel-icon"
                    data-testid="ArrowDownwardIcon"
                    focusable="false"
                    viewBox="0 0 24 24"
                  >
                    <path
                      d="M20 12l-1.41-1.41L13 16.17V4h-2v12.17l-5.58-5.59L4 12l8 8 8-8z"
                    />
                  </svg>
                </span>
              </th>
              <th
                class="MuiTableCell-root MuiTableCell-head MuiTableCell-alignLeft MuiTableCell-sizeMedium css-s9dfu1-MuiTableCell-root"
                scope="col"
              >
                <span
                  class="MuiButtonBase-root MuiTableSortLabel-root css-tf2fk6-MuiButtonBase-root-MuiTableSortLabel-root"
                  role="button"
                  tabindex="0"
                >
                  Created on
                  <svg
                    aria-hidden="true"
                    class="MuiSvgIcon-root MuiSvgIcon-fontSizeMedium MuiTableSortLabel-icon MuiTableSortLabel-iconDirectionAsc css-1vweko9-MuiSvgIcon-root-MuiTableSortLabel-icon"
                    data-testid="ArrowDownwardIcon"
                    focusable="false"
                    viewBox="0 0 24 24"
                  >
                    <path
                      d="M20 12l-1.41-1.41L13 16.17V4h-2v12.17l-5.58-5.59L4 12l8 8 8-8z"
                    />
                  </svg>
                </span>
              </th>
              <th
                class="MuiTableCell-root MuiTableCell-head MuiTableCell-alignLeft MuiTableCell-sizeMedium css-s9dfu1-MuiTableCell-root"
                scope="col"
              >
                Permissions
              </th>
              <th
                class="MuiTableCell-root MuiTableCell-head MuiTableCell-alignLeft MuiTableCell-sizeMedium css-s9dfu1-MuiTableCell-root"
                scope="col"
              >
                
              </th>
            </tr>
          </thead>
          <tbody
            class="MuiTableBody-root css-6wwm3k-MuiTableBody-root"
          >
            <tr
              class="MuiTableRow-root css-1la21jl-MuiTableRow-root"
            >
              <td
                class="MuiTableCell-root MuiTableCell-body MuiTableCell-sizeMedium css-11mkwu5-MuiTableCell-root"
                colspan="6"
              >
                <div
                  class="css-1d9cypr-MuiStack-root"
                >
                  <span
                    class="MuiCircularProgress-root MuiCircularProgress-indeterminate MuiCircularProgress-colorPrimary css-1glked3-MuiCircularProgress-root"
                    role="progressbar"
                    style="width: 20px; height: 20px;"
                  >
                    <svg
                      class="MuiCircularProgress-svg css-1idz92c-MuiCircularProgress-svg"
                      viewBox="22 22 44 44"
                    >
                      <circle
                        class="MuiCircularProgress-circle MuiCircularProgress-circleIndeterminate css-176wh8e-MuiCircularProgress-circle"
                        cx="44"
                        cy="44"
                        fill="none"
                        r="20.2"
                        stroke-width="3.6"
                      />
                    </svg>
                  </span>
                </div>
              </td>
            </tr>
          </tbody>
        </table>
      </div>
    </div>
  </body>,
  "container": <div>
    <div
      class="MuiPaper-root MuiPaper-elevation MuiPaper-rounded MuiPaper-elevation0 MuiTableContainer-root css-zbd12r-MuiPaper-root-MuiTableContainer-root"
    >
      <table
        class="MuiTable-root css-16un4wc-MuiTable-root"
      >
        <thead
          class="MuiTableHead-root css-kv444d-MuiTableHead-root"
        >
          <tr
            class="MuiTableRow-root MuiTableRow-head css-555rmi-MuiTableRow-root"
          >
            <th
              aria-sort="ascending"
              class="MuiTableCell-root MuiTableCell-head MuiTableCell-alignLeft MuiTableCell-sizeMedium css-s9dfu1-MuiTableCell-root"
              scope="col"
            >
              <span
                class="MuiButtonBase-root MuiTableSortLabel-root Mui-active css-tf2fk6-MuiButtonBase-root-MuiTableSortLabel-root"
                role="button"
                tabindex="0"
              >
                Name
                <span
                  class="MuiBox-root css-trfuzi"
                >
                  sorted ascending
                </span>
                <svg
                  aria-hidden="true"
                  class="MuiSvgIcon-root MuiSvgIcon-fontSizeMedium MuiTableSortLabel-icon MuiTableSortLabel-iconDirectionAsc css-1vweko9-MuiSvgIcon-root-MuiTableSortLabel-icon"
                  data-testid="ArrowDownwardIcon"
                  focusable="false"
                  viewBox="0 0 24 24"
                >
                  <path
                    d="M20 12l-1.41-1.41L13 16.17V4h-2v12.17l-5.58-5.59L4 12l8 8 8-8z"
                  />
                </svg>
              </span>
            </th>
            <th
              class="MuiTableCell-root MuiTableCell-head MuiTableCell-alignLeft MuiTableCell-sizeMedium css-s9dfu1-MuiTableCell-root"
              scope="col"
            >
              Certification
            </th>
            <th
              class="MuiTableCell-root MuiTableCell-head MuiTableCell-alignLeft MuiTableCell-sizeMedium css-s9dfu1-MuiTableCell-root"
              scope="col"
            >
              <span
                class="MuiButtonBase-root MuiTableSortLabel-root css-tf2fk6-MuiButtonBase-root-MuiTableSortLabel-root"
                role="button"
                tabindex="0"
              >
                Last activity
                <svg
                  aria-hidden="true"
                  class="MuiSvgIcon-root MuiSvgIcon-fontSizeMedium MuiTableSortLabel-icon MuiTableSortLabel-iconDirectionAsc css-1vweko9-MuiSvgIcon-root-MuiTableSortLabel-icon"
                  data-testid="ArrowDownwardIcon"
                  focusable="false"
                  viewBox="0 0 24 24"
                >
                  <path
                    d="M20 12l-1.41-1.41L13 16.17V4h-2v12.17l-5.58-5.59L4 12l8 8 8-8z"
                  />
                </svg>
              </span>
            </th>
            <th
              class="MuiTableCell-root MuiTableCell-head MuiTableCell-alignLeft MuiTableCell-sizeMedium css-s9dfu1-MuiTableCell-root"
              scope="col"
            >
              <span
                class="MuiButtonBase-root MuiTableSortLabel-root css-tf2fk6-MuiButtonBase-root-MuiTableSortLabel-root"
                role="button"
                tabindex="0"
              >
                Created on
                <svg
                  aria-hidden="true"
                  class="MuiSvgIcon-root MuiSvgIcon-fontSizeMedium MuiTableSortLabel-icon MuiTableSortLabel-iconDirectionAsc css-1vweko9-MuiSvgIcon-root-MuiTableSortLabel-icon"
                  data-testid="ArrowDownwardIcon"
                  focusable="false"
                  viewBox="0 0 24 24"
                >
                  <path
                    d="M20 12l-1.41-1.41L13 16.17V4h-2v12.17l-5.58-5.59L4 12l8 8 8-8z"
                  />
                </svg>
              </span>
            </th>
            <th
              class="MuiTableCell-root MuiTableCell-head MuiTableCell-alignLeft MuiTableCell-sizeMedium css-s9dfu1-MuiTableCell-root"
              scope="col"
            >
              Permissions
            </th>
            <th
              class="MuiTableCell-root MuiTableCell-head MuiTableCell-alignLeft MuiTableCell-sizeMedium css-s9dfu1-MuiTableCell-root"
              scope="col"
            >
              
            </th>
          </tr>
        </thead>
        <tbody
          class="MuiTableBody-root css-6wwm3k-MuiTableBody-root"
        >
          <tr
            class="MuiTableRow-root css-1la21jl-MuiTableRow-root"
          >
            <td
              class="MuiTableCell-root MuiTableCell-body MuiTableCell-sizeMedium css-11mkwu5-MuiTableCell-root"
              colspan="6"
            >
              <div
                class="css-1d9cypr-MuiStack-root"
              >
                <span
                  class="MuiCircularProgress-root MuiCircularProgress-indeterminate MuiCircularProgress-colorPrimary css-1glked3-MuiCircularProgress-root"
                  role="progressbar"
                  style="width: 20px; height: 20px;"
                >
                  <svg
                    class="MuiCircularProgress-svg css-1idz92c-MuiCircularProgress-svg"
                    viewBox="22 22 44 44"
                  >
                    <circle
                      class="MuiCircularProgress-circle MuiCircularProgress-circleIndeterminate css-176wh8e-MuiCircularProgress-circle"
                      cx="44"
                      cy="44"
                      fill="none"
                      r="20.2"
                      stroke-width="3.6"
                    />
                  </svg>
                </span>
              </div>
            </td>
          </tr>
        </tbody>
      </table>
    </div>
  </div>,
  "context": Object {
    "auth": Object {
      "activeRole": "user",
      "allowedRoles": Set {
        "user",
      },
      "changeRole": [MockFunction],
      "defaultRole": "user",
      "getJWT": [MockFunction],
      "loadProfile": [MockFunction],
      "loading": false,
      "login": [MockFunction],
      "logout": [MockFunction],
      "profile": Object {
        "addresses": Array [],
        "attributes": Array [],
        "avatar": "",
        "contactDetails": Array [],
        "createdAt": "",
        "dietaryRestrictions": null,
        "disabilities": null,
        "dob": "2002-04-06",
        "email": "john.smith@example.com",
        "familyName": "Smith",
        "fullName": "John Smith",
        "givenName": "John",
        "id": "cacb559d-b85d-5e64-b623-37252520ebda",
        "jobTitle": "Developer",
        "lastActivity": 2020-01-01T00:00:00.000Z,
        "organizations": Array [],
        "phone": "+44 1234555",
        "preferences": Array [],
        "roles": Array [
          Object {
            "role": Object {
              "id": "1",
              "name": "user",
            },
          },
        ],
        "tags": Array [],
        "title": "Mr",
        "updatedAt": "",
      },
      "reloadCurrentProfile": [MockFunction],
    },
  },
  "debug": [Function],
  "findAllByAltText": [Function],
  "findAllByDisplayValue": [Function],
  "findAllByLabelText": [Function],
  "findAllByPlaceholderText": [Function],
  "findAllByRole": [Function],
  "findAllByTestId": [Function],
  "findAllByText": [Function],
  "findAllByTitle": [Function],
  "findByAltText": [Function],
  "findByDisplayValue": [Function],
  "findByLabelText": [Function],
  "findByPlaceholderText": [Function],
  "findByRole": [Function],
  "findByTestId": [Function],
  "findByText": [Function],
  "findByTitle": [Function],
  "getAllByAltText": [Function],
  "getAllByDisplayValue": [Function],
  "getAllByLabelText": [Function],
  "getAllByPlaceholderText": [Function],
  "getAllByRole": [Function],
  "getAllByTestId": [Function],
  "getAllByText": [Function],
  "getAllByTitle": [Function],
  "getByAltText": [Function],
  "getByDisplayValue": [Function],
  "getByLabelText": [Function],
  "getByPlaceholderText": [Function],
  "getByRole": [Function],
  "getByTestId": [Function],
  "getByText": [Function],
  "getByTitle": [Function],
  "queryAllByAltText": [Function],
  "queryAllByDisplayValue": [Function],
  "queryAllByLabelText": [Function],
  "queryAllByPlaceholderText": [Function],
  "queryAllByRole": [Function],
  "queryAllByTestId": [Function],
  "queryAllByText": [Function],
  "queryAllByTitle": [Function],
  "queryByAltText": [Function],
  "queryByDisplayValue": [Function],
  "queryByLabelText": [Function],
  "queryByPlaceholderText": [Function],
  "queryByRole": [Function],
  "queryByTestId": [Function],
  "queryByText": [Function],
  "queryByTitle": [Function],
  "rerender": [Function],
  "unmount": [Function],
}
`;
