// Jest Snapshot v1, https://goo.gl/fbAQLP

exports[`OrgInvitesTable matches snapshot 1`] = `
Object {
  "asFragment": [Function],
  "baseElement": <body>
    <div>
      <div
        class="MuiPaper-root MuiPaper-elevation MuiPaper-rounded MuiPaper-elevation0 MuiTableContainer-root css-zbd12r-MuiPaper-root-MuiTableContainer-root"
      >
        <table
          class="MuiTable-root css-16un4wc-MuiTable-root"
        >
          <thead
            class="MuiTableHead-root css-kv444d-MuiTableHead-root"
          >
            <tr
              class="MuiTableRow-root MuiTableRow-head css-555rmi-MuiTableRow-root"
            >
              <th
                class="MuiTableCell-root MuiTableCell-head MuiTableCell-sizeMedium css-s9dfu1-MuiTableCell-root"
                scope="col"
              >
                Email
              </th>
              <th
                class="MuiTableCell-root MuiTableCell-head MuiTableCell-sizeMedium css-s9dfu1-MuiTableCell-root"
                scope="col"
              >
                Invited on
              </th>
              <th
                class="MuiTableCell-root MuiTableCell-head MuiTableCell-sizeMedium css-s9dfu1-MuiTableCell-root"
                scope="col"
              >
                Permissions
              </th>
              <th
                class="MuiTableCell-root MuiTableCell-head MuiTableCell-sizeMedium css-s9dfu1-MuiTableCell-root"
                scope="col"
              >
                Status
              </th>
              <th
                class="MuiTableCell-root MuiTableCell-head MuiTableCell-sizeMedium css-s9dfu1-MuiTableCell-root"
                scope="col"
              />
            </tr>
          </thead>
          <tbody
            class="MuiTableBody-root css-6wwm3k-MuiTableBody-root"
          >
            <tr
              class="MuiTableRow-root css-555rmi-MuiTableRow-root"
            >
              <td
                class="MuiTableCell-root MuiTableCell-body MuiTableCell-sizeMedium css-11mkwu5-MuiTableCell-root"
              >
                email1@org.com
              </td>
              <td
                class="MuiTableCell-root MuiTableCell-body MuiTableCell-sizeMedium css-11mkwu5-MuiTableCell-root"
              >
                10 April 2022
              </td>
              <td
                class="MuiTableCell-root MuiTableCell-body MuiTableCell-sizeMedium css-11mkwu5-MuiTableCell-root"
              >
                <div
                  class="MuiChip-root MuiChip-filled MuiChip-sizeSmall MuiChip-colorSecondary MuiChip-filledSecondary css-447n4u-MuiChip-root"
                >
                  <span
                    class="MuiChip-label MuiChip-labelSmall css-t3ycia-MuiChip-label"
                  >
                    No permissions
                  </span>
                </div>
              </td>
              <td
                class="MuiTableCell-root MuiTableCell-body MuiTableCell-sizeMedium css-11mkwu5-MuiTableCell-root"
              >
                <div
                  class="MuiChip-root MuiChip-filled MuiChip-sizeSmall MuiChip-colorSecondary MuiChip-filledSecondary css-447n4u-MuiChip-root"
                >
                  <span
                    class="MuiChip-label MuiChip-labelSmall css-t3ycia-MuiChip-label"
                  >
                    Pending
                  </span>
                </div>
              </td>
              <td
                class="MuiTableCell-root MuiTableCell-body MuiTableCell-sizeMedium css-11mkwu5-MuiTableCell-root"
              >
                <div
                  class="MuiBox-root css-1bvc4cc"
                >
                  <button
                    class="MuiButton-root MuiButton-text MuiButton-textPrimary MuiButton-sizeLarge MuiButton-textSizeLarge MuiButtonBase-root  css-zcpmcl-MuiButtonBase-root-MuiButton-root"
                    data-testid="resend-invite-button"
                    tabindex="0"
                    type="button"
                  >
                    Resend
                    <span
                      class="MuiTouchRipple-root css-8je8zh-MuiTouchRipple-root"
                    />
                  </button>
                  <button
                    class="MuiButton-root MuiButton-text MuiButton-textPrimary MuiButton-sizeLarge MuiButton-textSizeLarge MuiButtonBase-root  css-zcpmcl-MuiButtonBase-root-MuiButton-root"
                    data-testid="cancel-invite-button"
                    tabindex="0"
                    type="button"
                  >
                    Cancel invite
                    <span
                      class="MuiTouchRipple-root css-8je8zh-MuiTouchRipple-root"
                    />
                  </button>
                </div>
              </td>
            </tr>
            <tr
              class="MuiTableRow-root css-555rmi-MuiTableRow-root"
            >
              <td
                class="MuiTableCell-root MuiTableCell-body MuiTableCell-sizeMedium css-11mkwu5-MuiTableCell-root"
              >
                email2@org.com
              </td>
              <td
                class="MuiTableCell-root MuiTableCell-body MuiTableCell-sizeMedium css-11mkwu5-MuiTableCell-root"
              >
                10 April 2022
              </td>
              <td
                class="MuiTableCell-root MuiTableCell-body MuiTableCell-sizeMedium css-11mkwu5-MuiTableCell-root"
              >
                <div
                  class="MuiChip-root MuiChip-filled MuiChip-sizeSmall MuiChip-colorSuccess MuiChip-filledSuccess css-10gd6cu-MuiChip-root"
                >
                  <span
                    class="MuiChip-label MuiChip-labelSmall css-t3ycia-MuiChip-label"
                  >
                    Organisation admin
                  </span>
                </div>
              </td>
              <td
                class="MuiTableCell-root MuiTableCell-body MuiTableCell-sizeMedium css-11mkwu5-MuiTableCell-root"
              >
                <div
                  class="MuiChip-root MuiChip-filled MuiChip-sizeSmall MuiChip-colorError MuiChip-filledError css-o7yv1p-MuiChip-root"
                >
                  <span
                    class="MuiChip-label MuiChip-labelSmall css-t3ycia-MuiChip-label"
                  >
                    Declined
                  </span>
                </div>
              </td>
              <td
                class="MuiTableCell-root MuiTableCell-body MuiTableCell-sizeMedium css-11mkwu5-MuiTableCell-root"
              />
            </tr>
          </tbody>
        </table>
        <div
          class="MuiTablePagination-root css-jtlhu6-MuiTablePagination-root"
        >
          <div
            class="MuiToolbar-root MuiToolbar-gutters MuiToolbar-regular MuiTablePagination-toolbar css-17xoeoc-MuiToolbar-root-MuiTablePagination-toolbar"
          >
            <div
              class="MuiTablePagination-spacer css-1psng7p-MuiTablePagination-spacer"
            />
            <p
              class="MuiTablePagination-selectLabel css-1fki1wl-MuiTablePagination-selectLabel"
              id="mui-2"
            >
              Rows per page:
            </p>
            <div
              class="MuiInputBase-root MuiInputBase-colorPrimary css-i13sg4-MuiInputBase-root-MuiTablePagination-select"
              variant="standard"
            >
              <div
                aria-expanded="false"
                aria-haspopup="listbox"
                aria-labelledby="mui-2 mui-1"
                class="MuiTablePagination-select MuiSelect-select MuiSelect-standard MuiInputBase-input css-194a1fa-MuiSelect-select-MuiInputBase-input"
                id="mui-1"
                role="button"
                tabindex="0"
              >
                12
              </div>
              <input
                aria-hidden="true"
                class="MuiSelect-nativeInput css-yf8vq0-MuiSelect-nativeInput"
                tabindex="-1"
                value="12"
              />
              <svg
                aria-hidden="true"
                class="MuiSvgIcon-root MuiSvgIcon-fontSizeMedium MuiTablePagination-selectIcon MuiSelect-icon MuiSelect-iconStandard css-pqjvzy-MuiSvgIcon-root-MuiSelect-icon"
                data-testid="ArrowDropDownIcon"
                focusable="false"
                viewBox="0 0 24 24"
              >
                <path
                  d="M7 10l5 5 5-5z"
                />
              </svg>
            </div>
            <p
              class="MuiTablePagination-displayedRows css-lwa6hs-MuiTablePagination-displayedRows"
            >
              1â€“2 of 2
            </p>
            <div
              class="MuiTablePagination-actions"
            >
              <button
                aria-label="Go to previous page"
                class="MuiButtonBase-root Mui-disabled MuiIconButton-root Mui-disabled MuiIconButton-colorInherit MuiIconButton-sizeMedium css-1hk5nzv-MuiButtonBase-root-MuiIconButton-root"
                disabled=""
                tabindex="-1"
                title="Go to previous page"
                type="button"
              >
                <svg
                  aria-hidden="true"
                  class="MuiSvgIcon-root MuiSvgIcon-fontSizeMedium css-i4bv87-MuiSvgIcon-root"
                  data-testid="KeyboardArrowLeftIcon"
                  focusable="false"
                  viewBox="0 0 24 24"
                >
                  <path
                    d="M15.41 16.09l-4.58-4.59 4.58-4.59L14 5.5l-6 6 6 6z"
                  />
                </svg>
              </button>
              <button
                aria-label="Go to next page"
                class="MuiButtonBase-root Mui-disabled MuiIconButton-root Mui-disabled MuiIconButton-colorInherit MuiIconButton-sizeMedium css-1hk5nzv-MuiButtonBase-root-MuiIconButton-root"
                disabled=""
                tabindex="-1"
                title="Go to next page"
                type="button"
              >
                <svg
                  aria-hidden="true"
                  class="MuiSvgIcon-root MuiSvgIcon-fontSizeMedium css-i4bv87-MuiSvgIcon-root"
                  data-testid="KeyboardArrowRightIcon"
                  focusable="false"
                  viewBox="0 0 24 24"
                >
                  <path
                    d="M8.59 16.34l4.58-4.59-4.58-4.59L10 5.75l6 6-6 6z"
                  />
                </svg>
              </button>
            </div>
          </div>
        </div>
      </div>
    </div>
  </body>,
  "container": <div>
    <div
      class="MuiPaper-root MuiPaper-elevation MuiPaper-rounded MuiPaper-elevation0 MuiTableContainer-root css-zbd12r-MuiPaper-root-MuiTableContainer-root"
    >
      <table
        class="MuiTable-root css-16un4wc-MuiTable-root"
      >
        <thead
          class="MuiTableHead-root css-kv444d-MuiTableHead-root"
        >
          <tr
            class="MuiTableRow-root MuiTableRow-head css-555rmi-MuiTableRow-root"
          >
            <th
              class="MuiTableCell-root MuiTableCell-head MuiTableCell-sizeMedium css-s9dfu1-MuiTableCell-root"
              scope="col"
            >
              Email
            </th>
            <th
              class="MuiTableCell-root MuiTableCell-head MuiTableCell-sizeMedium css-s9dfu1-MuiTableCell-root"
              scope="col"
            >
              Invited on
            </th>
            <th
              class="MuiTableCell-root MuiTableCell-head MuiTableCell-sizeMedium css-s9dfu1-MuiTableCell-root"
              scope="col"
            >
              Permissions
            </th>
            <th
              class="MuiTableCell-root MuiTableCell-head MuiTableCell-sizeMedium css-s9dfu1-MuiTableCell-root"
              scope="col"
            >
              Status
            </th>
            <th
              class="MuiTableCell-root MuiTableCell-head MuiTableCell-sizeMedium css-s9dfu1-MuiTableCell-root"
              scope="col"
            />
          </tr>
        </thead>
        <tbody
          class="MuiTableBody-root css-6wwm3k-MuiTableBody-root"
        >
          <tr
            class="MuiTableRow-root css-555rmi-MuiTableRow-root"
          >
            <td
              class="MuiTableCell-root MuiTableCell-body MuiTableCell-sizeMedium css-11mkwu5-MuiTableCell-root"
            >
              email1@org.com
            </td>
            <td
              class="MuiTableCell-root MuiTableCell-body MuiTableCell-sizeMedium css-11mkwu5-MuiTableCell-root"
            >
              10 April 2022
            </td>
            <td
              class="MuiTableCell-root MuiTableCell-body MuiTableCell-sizeMedium css-11mkwu5-MuiTableCell-root"
            >
              <div
                class="MuiChip-root MuiChip-filled MuiChip-sizeSmall MuiChip-colorSecondary MuiChip-filledSecondary css-447n4u-MuiChip-root"
              >
                <span
                  class="MuiChip-label MuiChip-labelSmall css-t3ycia-MuiChip-label"
                >
                  No permissions
                </span>
              </div>
            </td>
            <td
              class="MuiTableCell-root MuiTableCell-body MuiTableCell-sizeMedium css-11mkwu5-MuiTableCell-root"
            >
              <div
                class="MuiChip-root MuiChip-filled MuiChip-sizeSmall MuiChip-colorSecondary MuiChip-filledSecondary css-447n4u-MuiChip-root"
              >
                <span
                  class="MuiChip-label MuiChip-labelSmall css-t3ycia-MuiChip-label"
                >
                  Pending
                </span>
              </div>
            </td>
            <td
              class="MuiTableCell-root MuiTableCell-body MuiTableCell-sizeMedium css-11mkwu5-MuiTableCell-root"
            >
              <div
                class="MuiBox-root css-1bvc4cc"
              >
                <button
                  class="MuiButton-root MuiButton-text MuiButton-textPrimary MuiButton-sizeLarge MuiButton-textSizeLarge MuiButtonBase-root  css-zcpmcl-MuiButtonBase-root-MuiButton-root"
                  data-testid="resend-invite-button"
                  tabindex="0"
                  type="button"
                >
                  Resend
                  <span
                    class="MuiTouchRipple-root css-8je8zh-MuiTouchRipple-root"
                  />
                </button>
                <button
                  class="MuiButton-root MuiButton-text MuiButton-textPrimary MuiButton-sizeLarge MuiButton-textSizeLarge MuiButtonBase-root  css-zcpmcl-MuiButtonBase-root-MuiButton-root"
                  data-testid="cancel-invite-button"
                  tabindex="0"
                  type="button"
                >
                  Cancel invite
                  <span
                    class="MuiTouchRipple-root css-8je8zh-MuiTouchRipple-root"
                  />
                </button>
              </div>
            </td>
          </tr>
          <tr
            class="MuiTableRow-root css-555rmi-MuiTableRow-root"
          >
            <td
              class="MuiTableCell-root MuiTableCell-body MuiTableCell-sizeMedium css-11mkwu5-MuiTableCell-root"
            >
              email2@org.com
            </td>
            <td
              class="MuiTableCell-root MuiTableCell-body MuiTableCell-sizeMedium css-11mkwu5-MuiTableCell-root"
            >
              10 April 2022
            </td>
            <td
              class="MuiTableCell-root MuiTableCell-body MuiTableCell-sizeMedium css-11mkwu5-MuiTableCell-root"
            >
              <div
                class="MuiChip-root MuiChip-filled MuiChip-sizeSmall MuiChip-colorSuccess MuiChip-filledSuccess css-10gd6cu-MuiChip-root"
              >
                <span
                  class="MuiChip-label MuiChip-labelSmall css-t3ycia-MuiChip-label"
                >
                  Organisation admin
                </span>
              </div>
            </td>
            <td
              class="MuiTableCell-root MuiTableCell-body MuiTableCell-sizeMedium css-11mkwu5-MuiTableCell-root"
            >
              <div
                class="MuiChip-root MuiChip-filled MuiChip-sizeSmall MuiChip-colorError MuiChip-filledError css-o7yv1p-MuiChip-root"
              >
                <span
                  class="MuiChip-label MuiChip-labelSmall css-t3ycia-MuiChip-label"
                >
                  Declined
                </span>
              </div>
            </td>
            <td
              class="MuiTableCell-root MuiTableCell-body MuiTableCell-sizeMedium css-11mkwu5-MuiTableCell-root"
            />
          </tr>
        </tbody>
      </table>
      <div
        class="MuiTablePagination-root css-jtlhu6-MuiTablePagination-root"
      >
        <div
          class="MuiToolbar-root MuiToolbar-gutters MuiToolbar-regular MuiTablePagination-toolbar css-17xoeoc-MuiToolbar-root-MuiTablePagination-toolbar"
        >
          <div
            class="MuiTablePagination-spacer css-1psng7p-MuiTablePagination-spacer"
          />
          <p
            class="MuiTablePagination-selectLabel css-1fki1wl-MuiTablePagination-selectLabel"
            id="mui-2"
          >
            Rows per page:
          </p>
          <div
            class="MuiInputBase-root MuiInputBase-colorPrimary css-i13sg4-MuiInputBase-root-MuiTablePagination-select"
            variant="standard"
          >
            <div
              aria-expanded="false"
              aria-haspopup="listbox"
              aria-labelledby="mui-2 mui-1"
              class="MuiTablePagination-select MuiSelect-select MuiSelect-standard MuiInputBase-input css-194a1fa-MuiSelect-select-MuiInputBase-input"
              id="mui-1"
              role="button"
              tabindex="0"
            >
              12
            </div>
            <input
              aria-hidden="true"
              class="MuiSelect-nativeInput css-yf8vq0-MuiSelect-nativeInput"
              tabindex="-1"
              value="12"
            />
            <svg
              aria-hidden="true"
              class="MuiSvgIcon-root MuiSvgIcon-fontSizeMedium MuiTablePagination-selectIcon MuiSelect-icon MuiSelect-iconStandard css-pqjvzy-MuiSvgIcon-root-MuiSelect-icon"
              data-testid="ArrowDropDownIcon"
              focusable="false"
              viewBox="0 0 24 24"
            >
              <path
                d="M7 10l5 5 5-5z"
              />
            </svg>
          </div>
          <p
            class="MuiTablePagination-displayedRows css-lwa6hs-MuiTablePagination-displayedRows"
          >
            1â€“2 of 2
          </p>
          <div
            class="MuiTablePagination-actions"
          >
            <button
              aria-label="Go to previous page"
              class="MuiButtonBase-root Mui-disabled MuiIconButton-root Mui-disabled MuiIconButton-colorInherit MuiIconButton-sizeMedium css-1hk5nzv-MuiButtonBase-root-MuiIconButton-root"
              disabled=""
              tabindex="-1"
              title="Go to previous page"
              type="button"
            >
              <svg
                aria-hidden="true"
                class="MuiSvgIcon-root MuiSvgIcon-fontSizeMedium css-i4bv87-MuiSvgIcon-root"
                data-testid="KeyboardArrowLeftIcon"
                focusable="false"
                viewBox="0 0 24 24"
              >
                <path
                  d="M15.41 16.09l-4.58-4.59 4.58-4.59L14 5.5l-6 6 6 6z"
                />
              </svg>
            </button>
            <button
              aria-label="Go to next page"
              class="MuiButtonBase-root Mui-disabled MuiIconButton-root Mui-disabled MuiIconButton-colorInherit MuiIconButton-sizeMedium css-1hk5nzv-MuiButtonBase-root-MuiIconButton-root"
              disabled=""
              tabindex="-1"
              title="Go to next page"
              type="button"
            >
              <svg
                aria-hidden="true"
                class="MuiSvgIcon-root MuiSvgIcon-fontSizeMedium css-i4bv87-MuiSvgIcon-root"
                data-testid="KeyboardArrowRightIcon"
                focusable="false"
                viewBox="0 0 24 24"
              >
                <path
                  d="M8.59 16.34l4.58-4.59-4.58-4.59L10 5.75l6 6-6 6z"
                />
              </svg>
            </button>
          </div>
        </div>
      </div>
    </div>
  </div>,
  "context": Object {
    "auth": Object {
      "activeRole": "user",
      "allowedRoles": Set {
        "user",
      },
      "changeRole": [MockFunction],
      "defaultRole": "user",
      "getJWT": [MockFunction],
      "loadProfile": [MockFunction],
      "loading": false,
      "login": [MockFunction],
      "logout": [MockFunction],
      "profile": Object {
        "addresses": Array [],
        "attributes": Array [],
        "avatar": "",
        "contactDetails": Array [],
        "createdAt": "",
        "dietaryRestrictions": null,
        "disabilities": null,
        "dob": "2002-04-06",
        "email": "john.smith@example.com",
        "familyName": "Smith",
        "fullName": "John Smith",
        "givenName": "John",
        "id": "cacb559d-b85d-5e64-b623-37252520ebda",
        "jobTitle": "Developer",
        "lastActivity": 2020-01-01T00:00:00.000Z,
        "organizations": Array [],
        "phone": "+44 1234555",
        "preferences": Array [],
        "roles": Array [
          Object {
            "role": Object {
              "name": "user",
            },
          },
        ],
        "tags": Array [],
        "title": "Mr",
        "updatedAt": "",
      },
      "reloadCurrentProfile": [MockFunction],
    },
  },
  "debug": [Function],
  "findAllByAltText": [Function],
  "findAllByDisplayValue": [Function],
  "findAllByLabelText": [Function],
  "findAllByPlaceholderText": [Function],
  "findAllByRole": [Function],
  "findAllByTestId": [Function],
  "findAllByText": [Function],
  "findAllByTitle": [Function],
  "findByAltText": [Function],
  "findByDisplayValue": [Function],
  "findByLabelText": [Function],
  "findByPlaceholderText": [Function],
  "findByRole": [Function],
  "findByTestId": [Function],
  "findByText": [Function],
  "findByTitle": [Function],
  "getAllByAltText": [Function],
  "getAllByDisplayValue": [Function],
  "getAllByLabelText": [Function],
  "getAllByPlaceholderText": [Function],
  "getAllByRole": [Function],
  "getAllByTestId": [Function],
  "getAllByText": [Function],
  "getAllByTitle": [Function],
  "getByAltText": [Function],
  "getByDisplayValue": [Function],
  "getByLabelText": [Function],
  "getByPlaceholderText": [Function],
  "getByRole": [Function],
  "getByTestId": [Function],
  "getByText": [Function],
  "getByTitle": [Function],
  "queryAllByAltText": [Function],
  "queryAllByDisplayValue": [Function],
  "queryAllByLabelText": [Function],
  "queryAllByPlaceholderText": [Function],
  "queryAllByRole": [Function],
  "queryAllByTestId": [Function],
  "queryAllByText": [Function],
  "queryAllByTitle": [Function],
  "queryByAltText": [Function],
  "queryByDisplayValue": [Function],
  "queryByLabelText": [Function],
  "queryByPlaceholderText": [Function],
  "queryByRole": [Function],
  "queryByTestId": [Function],
  "queryByText": [Function],
  "queryByTitle": [Function],
  "rerender": [Function],
  "unmount": [Function],
}
`;
